------------------------------------------------------------
Timing Analyzer Summary
------------------------------------------------------------

Type  : Slow 1100mV 85C Model Setup 'reset'
Slack : -5.388
TNS   : -35.856

Type  : Slow 1100mV 85C Model Setup 'clk'
Slack : -3.774
TNS   : -76.693

Type  : Slow 1100mV 85C Model Hold 'clk'
Slack : 0.525
TNS   : 0.000

Type  : Slow 1100mV 85C Model Hold 'reset'
Slack : 1.097
TNS   : 0.000

Type  : Slow 1100mV 85C Model Recovery 'clk'
Slack : -1.960
TNS   : -37.016

Type  : Slow 1100mV 85C Model Removal 'clk'
Slack : 0.839
TNS   : 0.000

Type  : Slow 1100mV 85C Model Minimum Pulse Width 'clk'
Slack : -0.724
TNS   : -31.054

Type  : Slow 1100mV 85C Model Minimum Pulse Width 'reset'
Slack : -0.724
TNS   : -12.651

Type  : Slow 1100mV 85C Model Minimum Pulse Width 'data_ready'
Slack : -0.724
TNS   : -4.930

Type  : Slow 1100mV 0C Model Setup 'reset'
Slack : -5.358
TNS   : -35.415

Type  : Slow 1100mV 0C Model Setup 'clk'
Slack : -3.612
TNS   : -74.775

Type  : Slow 1100mV 0C Model Hold 'clk'
Slack : 0.177
TNS   : 0.000

Type  : Slow 1100mV 0C Model Hold 'reset'
Slack : 1.070
TNS   : 0.000

Type  : Slow 1100mV 0C Model Recovery 'clk'
Slack : -1.696
TNS   : -31.905

Type  : Slow 1100mV 0C Model Removal 'clk'
Slack : 0.381
TNS   : 0.000

Type  : Slow 1100mV 0C Model Minimum Pulse Width 'clk'
Slack : -0.724
TNS   : -31.781

Type  : Slow 1100mV 0C Model Minimum Pulse Width 'reset'
Slack : -0.724
TNS   : -12.948

Type  : Slow 1100mV 0C Model Minimum Pulse Width 'data_ready'
Slack : -0.724
TNS   : -4.904

Type  : Fast 1100mV 85C Model Setup 'reset'
Slack : -1.969
TNS   : -12.735

Type  : Fast 1100mV 85C Model Setup 'clk'
Slack : -1.577
TNS   : -25.286

Type  : Fast 1100mV 85C Model Hold 'clk'
Slack : 0.159
TNS   : 0.000

Type  : Fast 1100mV 85C Model Hold 'reset'
Slack : 0.274
TNS   : 0.000

Type  : Fast 1100mV 85C Model Recovery 'clk'
Slack : -1.291
TNS   : -24.732

Type  : Fast 1100mV 85C Model Removal 'clk'
Slack : 0.220
TNS   : 0.000

Type  : Fast 1100mV 85C Model Minimum Pulse Width 'reset'
Slack : -0.399
TNS   : -3.286

Type  : Fast 1100mV 85C Model Minimum Pulse Width 'data_ready'
Slack : -0.387
TNS   : -1.808

Type  : Fast 1100mV 85C Model Minimum Pulse Width 'clk'
Slack : -0.092
TNS   : -2.450

Type  : Fast 1100mV 0C Model Setup 'reset'
Slack : -1.755
TNS   : -11.352

Type  : Fast 1100mV 0C Model Setup 'clk'
Slack : -1.393
TNS   : -21.155

Type  : Fast 1100mV 0C Model Hold 'clk'
Slack : 0.005
TNS   : 0.000

Type  : Fast 1100mV 0C Model Hold 'reset'
Slack : 0.179
TNS   : 0.000

Type  : Fast 1100mV 0C Model Recovery 'clk'
Slack : -1.070
TNS   : -20.462

Type  : Fast 1100mV 0C Model Removal 'clk'
Slack : 0.050
TNS   : 0.000

Type  : Fast 1100mV 0C Model Minimum Pulse Width 'reset'
Slack : -0.379
TNS   : -3.212

Type  : Fast 1100mV 0C Model Minimum Pulse Width 'data_ready'
Slack : -0.371
TNS   : -1.672

Type  : Fast 1100mV 0C Model Minimum Pulse Width 'clk'
Slack : -0.087
TNS   : -2.364

------------------------------------------------------------
